\set ECHO none
 template_language__add 
------------------------
 
(1 row)

# TRANSACTION INTENTIONALLY LEFT OPEN!
